# Simple city scene
# Streets run along the X and Z axes, buildings in the four corner blocks

# Spawn at the south end of the main street, facing north into the city
(player x=0 y=1.8 z=-25 ra=0)

# === Ground ===
(box x=0 y=-0.05 z=0 sx=80 sy=0.1 sz=80 mat='asphalt_01')

# Concrete sidewalks (slightly raised)
(box x=-8 y=0.06 z=0 sx=2 sy=0.12 sz=60 mat='concrete_01')
(box x=8 y=0.06 z=0 sx=2 sy=0.12 sz=60 mat='concrete_01')
(box x=0 y=0.06 z=-8 sx=60 sy=0.12 sz=2 mat='concrete_01')
(box x=0 y=0.06 z=8 sx=60 sy=0.12 sz=2 mat='concrete_01')

# === Intersection centerpiece ===
# Low concrete plaza
(box x=0 y=0.08 z=0 sx=14 sy=0.14 sz=14 mat='concrete_02')
# Fountain base (sphere)
(sphere x=0 y=0.5 z=0 s=1.0 mat='concrete_03')

# === North-West Block ===
# Main concrete tower
(box x=-20 y=14 z=20 sx=14 sy=28 sz=12 mat='concrete_03')
# South-face window strips (face is at z=14)
(sub (box x=-20 y=4 z=14 sx=10 sy=1.5 sz=0.8 mat='concrete_03'))
(sub (box x=-20 y=8 z=14 sx=10 sy=1.5 sz=0.8 mat='concrete_03'))
(sub (box x=-20 y=12 z=14 sx=10 sy=1.5 sz=0.8 mat='concrete_03'))
(sub (box x=-20 y=16 z=14 sx=10 sy=1.5 sz=0.8 mat='concrete_03'))
(sub (box x=-20 y=20 z=14 sx=10 sy=1.5 sz=0.8 mat='concrete_03'))
(sub (box x=-20 y=24 z=14 sx=10 sy=1.5 sz=0.8 mat='concrete_03'))
# Smaller annex beside the tower
(box x=-26 y=6 z=22 sx=6 sy=12 sz=8 mat='brick_01')

# === North-East Block ===
# Tall glass-style office tower
(box x=20 y=20 z=20 sx=12 sy=40 sz=12 mat='concrete_05')
# South-face window strips (face at z=14)
(sub (box x=20 y=5 z=14 sx=8 sy=2 sz=0.8 mat='concrete_05'))
(sub (box x=20 y=10 z=14 sx=8 sy=2 sz=0.8 mat='concrete_05'))
(sub (box x=20 y=15 z=14 sx=8 sy=2 sz=0.8 mat='concrete_05'))
(sub (box x=20 y=20 z=14 sx=8 sy=2 sz=0.8 mat='concrete_05'))
(sub (box x=20 y=25 z=14 sx=8 sy=2 sz=0.8 mat='concrete_05'))
(sub (box x=20 y=30 z=14 sx=8 sy=2 sz=0.8 mat='concrete_05'))
(sub (box x=20 y=35 z=14 sx=8 sy=2 sz=0.8 mat='concrete_05'))
# Low entrance lobby
(box x=20 y=2 z=13 sx=8 sy=4 sz=2 mat='concrete_02')

# === South-West Block ===
# Brick mid-rise
(box x=-20 y=10 z=-20 sx=12 sy=20 sz=12 mat='brick_03')
# North-face window strips (face at z=-14)
(sub (box x=-20 y=4 z=-14 sx=8 sy=1.5 sz=0.8 mat='brick_03'))
(sub (box x=-20 y=8 z=-14 sx=8 sy=1.5 sz=0.8 mat='brick_03'))
(sub (box x=-20 y=12 z=-14 sx=8 sy=1.5 sz=0.8 mat='brick_03'))
(sub (box x=-20 y=16 z=-14 sx=8 sy=1.5 sz=0.8 mat='brick_03'))
# Narrow tower on the left
(box x=-26 y=14 z=-20 sx=5 sy=28 sz=6 mat='concrete_04')

# === South-East Block ===
# Metal warehouse / industrial building
(box x=20 y=6 z=-20 sx=16 sy=12 sz=14 mat='metal_01')
# Corrugated roof detail
(box x=20 y=12.1 z=-20 sx=16 sy=0.4 sz=14 mat='rust_01')
# Loading dock entrance (subtracted box in north face, face at z=-13)
(sub (box x=20 y=2.5 z=-13 sx=4 sy=4 sz=1.0 mat='metal_01'))
# Small security booth
(box x=14 y=1.5 z=-13 sx=2.5 sy=3 sz=2.5 mat='brick_02')
# Shipping crates beside the warehouse
(box x=26 y=0.75 z=-16 sx=2 sy=1.5 sz=3 mat='crate_01')
(box x=26 y=0.75 z=-19 sx=2 sy=1.5 sz=3 mat='crate_01')
(box x=26 y=2.25 z=-16 sx=2 sy=1.5 sz=3 mat='crate_01')

# === Street Furniture ===
# Lamp posts at intersection corners (thin cylinders, 5m tall)
(cylinder x=-7.5 y=2.5 z=7.5 sx=0.12 sy=5 sz=0.12 mat='metal_02')
(cylinder x=7.5 y=2.5 z=7.5 sx=0.12 sy=5 sz=0.12 mat='metal_02')
(cylinder x=-7.5 y=2.5 z=-7.5 sx=0.12 sy=5 sz=0.12 mat='metal_02')
(cylinder x=7.5 y=2.5 z=-7.5 sx=0.12 sy=5 sz=0.12 mat='metal_02')
# Mid-block lamp posts
(cylinder x=-7.5 y=2.5 z=22 sx=0.12 sy=5 sz=0.12 mat='metal_02')
(cylinder x=7.5 y=2.5 z=22 sx=0.12 sy=5 sz=0.12 mat='metal_02')
(cylinder x=-7.5 y=2.5 z=-22 sx=0.12 sy=5 sz=0.12 mat='metal_02')
(cylinder x=7.5 y=2.5 z=-22 sx=0.12 sy=5 sz=0.12 mat='metal_02')
